0001-01-01 00:00:00.000 [INFO]	 ...
field= line1
       line2