0001-01-01 00:00:00.000 [INFO]	...
msg= line1
     line2